// Vitest Snapshot v1, https://vitest.dev/guide/snapshot.html

exports[`drillStorage mapping (snapshots) > maps an official drill row → Drill (visibility collapses to 'club') 1`] = `
{
  "clubId": undefined,
  "frames": [
    {
      "annotations": [
        {
          "geometry": {
            "from": {
              "x": 50,
              "y": 80,
            },
            "to": {
              "x": 35,
              "y": 60,
            },
          },
          "id": "a1",
          "style": {
            "color": "#fbbf24",
            "width": 2,
          },
          "type": "arrow-solid",
        },
        {
          "geometry": {
            "from": {
              "x": 35,
              "y": 60,
            },
            "to": {
              "x": 50,
              "y": 30,
            },
          },
          "id": "a2",
          "style": {
            "color": "#a78bfa",
            "width": 2,
          },
          "type": "arrow-dashed",
        },
        {
          "geometry": {
            "number": 1,
            "x": 42,
            "y": 70,
          },
          "id": "s1",
          "style": {
            "color": "#ef4444",
          },
          "type": "step-marker",
        },
      ],
      "durationMs": 1500,
      "id": "frame-1",
      "notes": "Players pass through the cone.",
      "objects": [
        {
          "color": "#0ea5e9",
          "id": "p1",
          "label": "1",
          "rotation": 0,
          "size": 1,
          "type": "player",
          "x": 50,
          "y": 80,
        },
        {
          "color": "#0ea5e9",
          "id": "p2",
          "label": "2",
          "rotation": 0,
          "size": 1,
          "type": "player",
          "x": 35,
          "y": 60,
        },
        {
          "color": "#f5f5f5",
          "id": "b1",
          "rotation": 0,
          "size": 1,
          "type": "ball",
          "x": 50,
          "y": 80,
        },
        {
          "color": "#f97316",
          "id": "c1",
          "rotation": 0,
          "size": 1,
          "type": "cone",
          "x": 50,
          "y": 30,
        },
      ],
      "position": 0,
    },
  ],
  "id": "drill-1",
  "metadata": {
    "ageGroup": "U10",
    "coachingPoints": [
      "Open body shape",
      "Scan before receiving",
    ],
    "durationMinutes": 12,
    "equipment": [
      "6 cones",
      "2 balls",
    ],
    "focus": [
      "passing",
      "movement",
    ],
    "playersRequired": 6,
    "progression": "Add a defender",
    "regression": "Reduce playing area",
  },
  "name": "Pass and Move",
  "teamId": undefined,
  "visibility": "club",
}
`;
